Microchip MPLAB XC8 Compiler V2.10 ()

Linker command line:

-W-3 --edf=C:\Program Files (x86)\Microchip\xc8\v2.10\pic\dat\en_msgs.txt \
  -cs -h+dist/default/production\firmware.X.production.sym \
  --cmf=dist/default/production\firmware.X.production.cmf -z -Q16F1824 \
  -oC:\Users\Ericson\AppData\Local\Temp\s7ho.2 --defsym=__MPLAB_BUILD=1 \
  -Mdist/default/production/firmware.X.production.map -E1 -ver=XC8 \
  --acfsm=1493 -ASTACK=02041h-020EFh -pstack=STACK -ACODE=00h-07FFhx2 \
  -ASTRCODE=00h-0FFFh -ASTRING=00h-0FFhx16 -ACONST=00h-0FFhx16 \
  -AENTRY=00h-0FFhx16 -ACOMMON=070h-07Fh -ABANK0=020h-06Fh \
  -ABANK1=0A0h-0EFh -ABANK2=0120h-016Fh -ABIGRAM=02000h-020EFh \
  -ARAM=020h-06Fh,0A0h-0EFh,0120h-016Fh \
  -AABS1=020h-07Fh,0A0h-0EFh,0120h-016Fh -ASFR0=00h-01Fh -ASFR1=080h-09Fh \
  -ASFR2=0100h-011Fh -ASFR3=0180h-01EFh -ASFR4=0200h-026Fh \
  -ASFR5=0280h-02EFh -ASFR6=0300h-036Fh -ASFR7=0380h-03EFh \
  -ASFR8=0400h-046Fh -ASFR9=0480h-04EFh -ASFR10=0500h-056Fh \
  -ASFR11=0580h-05EFh -ASFR12=0600h-066Fh -ASFR13=0680h-06EFh \
  -ASFR14=0700h-076Fh -ASFR15=0780h-07EFh -ASFR16=0800h-086Fh \
  -ASFR17=0880h-08EFh -ASFR18=0900h-096Fh -ASFR19=0980h-09EFh \
  -ASFR20=0A00h-0A6Fh -ASFR21=0A80h-0AEFh -ASFR22=0B00h-0B6Fh \
  -ASFR23=0B80h-0BEFh -ASFR24=0C00h-0C6Fh -ASFR25=0C80h-0CEFh \
  -ASFR26=0D00h-0D6Fh -ASFR27=0D80h-0DEFh -ASFR28=0E00h-0E6Fh \
  -ASFR29=0E80h-0EEFh -ASFR30=0F00h-0F6Fh -ASFR31=0F80h-0FEFh \
  -preset_vec=00h,intentry,init,end_init -ppowerup=CODE -pcinit=CODE \
  -pfunctab=ENTRY -ACONFIG=08007h-08008h -pconfig=CONFIG -DCONFIG=2 \
  -AIDLOC=08000h-08003h -pidloc=IDLOC -DIDLOC=2 -AEEDATA=00h-0FFh/0F000h \
  -peeprom_data=EEDATA -DEEDATA=2 -DCODE=2 -DSTRCODE=2 -DSTRING=2 -DCONST=2 \
  -DENTRY=2 -k C:\Users\Ericson\AppData\Local\Temp\s7ho.o \
  dist/default/production\firmware.X.production.o 

Object code version is 3.11

Machine type is 16F1824



                Name                               Link     Load   Length Selector   Space Scale
C:\Users\Ericson\AppData\Local\Temp\s7ho.o
                end_init                              2        2        2        0       0
                reset_vec                             0        0        2        0       0
                config                             8007     8007        2    1000E       0
dist/default/production\firmware.X.production.o
                cinit                               7E9      7E9       17      FD2       0
                text12                               27       27       11       4E       0
                text11                               50       50       23       A0       0
                text10                              592      592      257      B24       0
                text9                               22D      22D       74      45A       0
                text8                               2A1      2A1       AC      542       0
                text7                               34D      34D       BA      69A       0
                text6                                A7       A7       3C      14E       0
                text5                                73       73       34       E6       0
                text4                                E3       E3       48      1C6       0
                text3                               407      407      18B      80E       0
                text2                               17E      17E       56      2FC       0
                text1                               1D4      1D4       59      3A8       0
                maintext                            12B      12B       53      256       0
                cstackBANK0                          20       20       21       20       1
                cstackCOMMON                         70       70        E       70       1
                inittext                             21       21        6       42       0
                dataBANK0                            41       41       18       20       1
                bssBANK0                             59       59        8       20       1
                idataBANK0                           38       38       18       70       0

TOTAL           Name                               Link     Load   Length     Space
        CLASS   STACK          

        CLASS   CODE           
                end_init                              2        2        2         0
                cinit                               7E9      7E9       17         0
                reset_vec                             0        0        2         0
                text12                               27       27       11         0
                text11                               50       50       23         0
                text10                              592      592      257         0
                text9                               22D      22D       74         0
                text8                               2A1      2A1       AC         0
                text7                               34D      34D       BA         0
                text6                                A7       A7       3C         0
                text5                                73       73       34         0
                text4                                E3       E3       48         0
                text3                               407      407      18B         0
                text2                               17E      17E       56         0
                text1                               1D4      1D4       59         0
                maintext                            12B      12B       53         0
                inittext                             21       21        6         0
                idataBANK0                           38       38       18         0

        CLASS   STRCODE        

        CLASS   STRING         

        CLASS   CONST          

        CLASS   ENTRY          

        CLASS   COMMON         
                cstackCOMMON                         70       70        E         1

        CLASS   BANK0          
                cstackBANK0                          20       20       21         1
                dataBANK0                            41       41       18         1
                bssBANK0                             59       59        8         1

        CLASS   BANK1          

        CLASS   BANK2          

        CLASS   BIGRAM         

        CLASS   RAM            

        CLASS   ABS1           
                abs_s1                               7E       7E        2         1

        CLASS   SFR0           

        CLASS   SFR1           

        CLASS   SFR2           

        CLASS   SFR3           

        CLASS   SFR4           

        CLASS   SFR5           

        CLASS   SFR6           

        CLASS   SFR7           

        CLASS   SFR8           

        CLASS   SFR9           

        CLASS   SFR10          

        CLASS   SFR11          

        CLASS   SFR12          

        CLASS   SFR13          

        CLASS   SFR14          

        CLASS   SFR15          

        CLASS   SFR16          

        CLASS   SFR17          

        CLASS   SFR18          

        CLASS   SFR19          

        CLASS   SFR20          

        CLASS   SFR21          

        CLASS   SFR22          

        CLASS   SFR23          

        CLASS   SFR24          

        CLASS   SFR25          

        CLASS   SFR26          

        CLASS   SFR27          

        CLASS   SFR28          

        CLASS   SFR29          

        CLASS   SFR30          

        CLASS   SFR31          

        CLASS   CONFIG         
                config                             8007     8007        2         0

        CLASS   IDLOC          

        CLASS   EEDATA         

        CLASS   BANK31         

        CLASS   BANK30         

        CLASS   BANK29         

        CLASS   BANK28         

        CLASS   BANK27         

        CLASS   BANK26         

        CLASS   BANK25         

        CLASS   BANK24         

        CLASS   BANK23         

        CLASS   BANK22         

        CLASS   BANK21         

        CLASS   BANK20         

        CLASS   BANK19         

        CLASS   BANK18         

        CLASS   BANK17         

        CLASS   BANK16         

        CLASS   BANK15         

        CLASS   BANK14         

        CLASS   BANK13         

        CLASS   BANK12         

        CLASS   BANK11         

        CLASS   BANK10         

        CLASS   BANK9          

        CLASS   BANK8          

        CLASS   BANK7          

        CLASS   BANK6          

        CLASS   BANK5          

        CLASS   BANK4          

        CLASS   BANK3          



SEGMENTS        Name                           Load    Length   Top    Selector   Space  Class     Delta

                reset_vec                      000000  000004  000004         0       0  CODE        2
                cstackBANK0                    000020  000041  000061        20       1  BANK0       1
                inittext                       000021  000006  000027        42       0  CODE        2
                text12                         000027  000011  000038        4E       0  CODE        2
                cstackCOMMON                   000070  00000E  00007E        70       1  COMMON      1
                idataBANK0                     000038  000018  000050        70       0  CODE        2
                text11                         000050  000023  000073        A0       0  CODE        2
                text5                          000073  000034  0000A7        E6       0  CODE        2
                text6                          0000A7  00003C  0000E3       14E       0  CODE        2
                text4                          0000E3  000048  00012B       1C6       0  CODE        2
                maintext                       00012B  000053  00017E       256       0  CODE        2
                text2                          00017E  000056  0001D4       2FC       0  CODE        2
                text1                          0001D4  000059  00022D       3A8       0  CODE        2
                text9                          00022D  000074  0002A1       45A       0  CODE        2
                text8                          0002A1  0000AC  00034D       542       0  CODE        2
                text7                          00034D  0000BA  000407       69A       0  CODE        2
                text3                          000407  00018B  000592       80E       0  CODE        2
                text10                         000592  000257  0007E9       B24       0  CODE        2
                cinit                          0007E9  000017  000800       FD2       0  CODE        2
                config                         008007  000002  008009     1000E       0  CONFIG      2


UNUSED ADDRESS RANGES

        Name                Unused          Largest block    Delta
        BANK0            00061-0006F               F           1
        BANK1            000A0-000EF              50           1
        BANK2            00120-0016F              50           1
        BIGRAM           02000-020EF              F0           1
        CODE             00004-00020              1D           2
                         00800-00FFF             800
        CONST            00004-00020              1D           2
                         00800-00FFF             100
        EEDATA           0F000-0F0FF             100           2
        ENTRY            00004-00020              1D           2
                         00800-00FFF             100
        IDLOC            08000-08003               4           2
        RAM              00061-0006F               F           1
                         000A0-000EF              50
                         00120-0016F              50
        SFR0             00000-0001F              20           1
        SFR1             00080-0009F              20           1
        SFR10            00500-0056F              70           1
        SFR11            00580-005EF              70           1
        SFR12            00600-0066F              70           1
        SFR13            00680-006EF              70           1
        SFR14            00700-0076F              70           1
        SFR15            00780-007EF              70           1
        SFR16            00800-0086F              70           1
        SFR17            00880-008EF              70           1
        SFR18            00900-0096F              70           1
        SFR19            00980-009EF              70           1
        SFR2             00100-0011F              20           1
        SFR20            00A00-00A6F              70           1
        SFR21            00A80-00AEF              70           1
        SFR22            00B00-00B6F              70           1
        SFR23            00B80-00BEF              70           1
        SFR24            00C00-00C6F              70           1
        SFR25            00C80-00CEF              70           1
        SFR26            00D00-00D6F              70           1
        SFR27            00D80-00DEF              70           1
        SFR28            00E00-00E6F              70           1
        SFR29            00E80-00EEF              70           1
        SFR3             00180-001EF              70           1
        SFR30            00F00-00F6F              70           1
        SFR31            00F80-00FEF              70           1
        SFR4             00200-0026F              70           1
        SFR5             00280-002EF              70           1
        SFR6             00300-0036F              70           1
        SFR7             00380-003EF              70           1
        SFR8             00400-0046F              70           1
        SFR9             00480-004EF              70           1
        STACK            02041-020EF              AF           1
        STRCODE          00004-00020              1D           2
                         00800-00FFF             800
        STRING           00004-00020              1D           2
                         00800-00FFF             100

                                  Symbol Table

?__Umul8_16                    cstackCOMMON 00070
?___flmul                      cstackBANK0  00020
?___fltol                      cstackCOMMON 00070
?___lwdiv                      cstackCOMMON 00076
?___lwmod                      cstackCOMMON 00070
?___xxtofl                     cstackCOMMON 00070
?_max6675_read                 cstackBANK0  00035
_ANSELAbits                    (abs)        0018C
_ANSELCbits                    (abs)        0018E
_LATAbits                      (abs)        0010C
_LATCbits                      (abs)        0010E
_OSCCONbits                    (abs)        00099
_PORTAbits                     (abs)        0000C
_TRISAbits                     (abs)        0008C
_TRISCbits                     (abs)        0008E
__CFG_BOREN$OFF                (abs)        00000
__CFG_BORV$LO                  (abs)        00000
__CFG_CLKOUTEN$OFF             (abs)        00000
__CFG_CP$ON                    (abs)        00000
__CFG_CPD$ON                   (abs)        00000
__CFG_FCMEN$OFF                (abs)        00000
__CFG_FOSC$INTOSC              (abs)        00000
__CFG_IESO$ON                  (abs)        00000
__CFG_LVP$OFF                  (abs)        00000
__CFG_MCLRE$OFF                (abs)        00000
__CFG_PLLEN$ON                 (abs)        00000
__CFG_PWRTE$ON                 (abs)        00000
__CFG_STVREN$OFF               (abs)        00000
__CFG_WDTE$OFF                 (abs)        00000
__CFG_WRT$OFF                  (abs)        00000
__Habs1                        abs1         00000
__Hbank0                       bank0        00000
__Hbank1                       bank1        00000
__Hbank10                      bank10       00000
__Hbank11                      bank11       00000
__Hbank12                      bank12       00000
__Hbank13                      bank13       00000
__Hbank14                      bank14       00000
__Hbank15                      bank15       00000
__Hbank16                      bank16       00000
__Hbank17                      bank17       00000
__Hbank18                      bank18       00000
__Hbank19                      bank19       00000
__Hbank2                       bank2        00000
__Hbank20                      bank20       00000
__Hbank21                      bank21       00000
__Hbank22                      bank22       00000
__Hbank23                      bank23       00000
__Hbank24                      bank24       00000
__Hbank25                      bank25       00000
__Hbank26                      bank26       00000
__Hbank27                      bank27       00000
__Hbank28                      bank28       00000
__Hbank29                      bank29       00000
__Hbank3                       bank3        00000
__Hbank30                      bank30       00000
__Hbank31                      bank31       00000
__Hbank4                       bank4        00000
__Hbank5                       bank5        00000
__Hbank6                       bank6        00000
__Hbank7                       bank7        00000
__Hbank8                       bank8        00000
__Hbank9                       bank9        00000
__Hbigram                      bigram       00000
__HbssBANK0                    bssBANK0     00000
__Hcinit                       cinit        00800
__Hclrtext                     clrtext      00000
__Hcode                        code         00000
__Hcommon                      common       00000
__Hconfig                      config       08009
__HcstackBANK0                 cstackBANK0  00000
__HcstackCOMMON                cstackCOMMON 00000
__HdataBANK0                   dataBANK0    00000
__Heeprom_data                 eeprom_data  00000
__Hend_init                    end_init     00004
__Hfunctab                     functab      00000
__HidataBANK0                  idataBANK0   00000
__Hidloc                       idloc        00000
__Hinit                        init         00002
__Hinittext                    inittext     00000
__Hintentry                    intentry     00002
__Hmaintext                    maintext     00000
__Hpowerup                     powerup      00000
__Hram                         ram          00000
__Hreset_vec                   reset_vec    00002
__Hsfr0                        sfr0         00000
__Hsfr1                        sfr1         00000
__Hsfr10                       sfr10        00000
__Hsfr11                       sfr11        00000
__Hsfr12                       sfr12        00000
__Hsfr13                       sfr13        00000
__Hsfr14                       sfr14        00000
__Hsfr15                       sfr15        00000
__Hsfr16                       sfr16        00000
__Hsfr17                       sfr17        00000
__Hsfr18                       sfr18        00000
__Hsfr19                       sfr19        00000
__Hsfr2                        sfr2         00000
__Hsfr20                       sfr20        00000
__Hsfr21                       sfr21        00000
__Hsfr22                       sfr22        00000
__Hsfr23                       sfr23        00000
__Hsfr24                       sfr24        00000
__Hsfr25                       sfr25        00000
__Hsfr26                       sfr26        00000
__Hsfr27                       sfr27        00000
__Hsfr28                       sfr28        00000
__Hsfr29                       sfr29        00000
__Hsfr3                        sfr3         00000
__Hsfr30                       sfr30        00000
__Hsfr31                       sfr31        00000
__Hsfr4                        sfr4         00000
__Hsfr5                        sfr5         00000
__Hsfr6                        sfr6         00000
__Hsfr7                        sfr7         00000
__Hsfr8                        sfr8         00000
__Hsfr9                        sfr9         00000
__Hspace_0                     (abs)        08009
__Hspace_1                     (abs)        0007E
__Hspace_2                     (abs)        00000
__Hspace_3                     (abs)        00000
__Hstack                       stack        00000
__Hstrings                     strings      00000
__Htext                        text         00000
__Labs1                        abs1         00000
__Lbank0                       bank0        00000
__Lbank1                       bank1        00000
__Lbank10                      bank10       00000
__Lbank11                      bank11       00000
__Lbank12                      bank12       00000
__Lbank13                      bank13       00000
__Lbank14                      bank14       00000
__Lbank15                      bank15       00000
__Lbank16                      bank16       00000
__Lbank17                      bank17       00000
__Lbank18                      bank18       00000
__Lbank19                      bank19       00000
__Lbank2                       bank2        00000
__Lbank20                      bank20       00000
__Lbank21                      bank21       00000
__Lbank22                      bank22       00000
__Lbank23                      bank23       00000
__Lbank24                      bank24       00000
__Lbank25                      bank25       00000
__Lbank26                      bank26       00000
__Lbank27                      bank27       00000
__Lbank28                      bank28       00000
__Lbank29                      bank29       00000
__Lbank3                       bank3        00000
__Lbank30                      bank30       00000
__Lbank31                      bank31       00000
__Lbank4                       bank4        00000
__Lbank5                       bank5        00000
__Lbank6                       bank6        00000
__Lbank7                       bank7        00000
__Lbank8                       bank8        00000
__Lbank9                       bank9        00000
__Lbigram                      bigram       00000
__LbssBANK0                    bssBANK0     00000
__Lcinit                       cinit        007E9
__Lclrtext                     clrtext      00000
__Lcode                        code         00000
__Lcommon                      common       00000
__Lconfig                      config       08007
__LcstackBANK0                 cstackBANK0  00000
__LcstackCOMMON                cstackCOMMON 00000
__LdataBANK0                   dataBANK0    00000
__Leeprom_data                 eeprom_data  00000
__Lend_init                    end_init     00002
__Lfunctab                     functab      00000
__LidataBANK0                  idataBANK0   00000
__Lidloc                       idloc        00000
__Linit                        init         00002
__Linittext                    inittext     00000
__Lintentry                    intentry     00002
__Lmaintext                    maintext     00000
__Lpowerup                     powerup      00000
__Lram                         ram          00000
__Lreset_vec                   reset_vec    00000
__Lsfr0                        sfr0         00000
__Lsfr1                        sfr1         00000
__Lsfr10                       sfr10        00000
__Lsfr11                       sfr11        00000
__Lsfr12                       sfr12        00000
__Lsfr13                       sfr13        00000
__Lsfr14                       sfr14        00000
__Lsfr15                       sfr15        00000
__Lsfr16                       sfr16        00000
__Lsfr17                       sfr17        00000
__Lsfr18                       sfr18        00000
__Lsfr19                       sfr19        00000
__Lsfr2                        sfr2         00000
__Lsfr20                       sfr20        00000
__Lsfr21                       sfr21        00000
__Lsfr22                       sfr22        00000
__Lsfr23                       sfr23        00000
__Lsfr24                       sfr24        00000
__Lsfr25                       sfr25        00000
__Lsfr26                       sfr26        00000
__Lsfr27                       sfr27        00000
__Lsfr28                       sfr28        00000
__Lsfr29                       sfr29        00000
__Lsfr3                        sfr3         00000
__Lsfr30                       sfr30        00000
__Lsfr31                       sfr31        00000
__Lsfr4                        sfr4         00000
__Lsfr5                        sfr5         00000
__Lsfr6                        sfr6         00000
__Lsfr7                        sfr7         00000
__Lsfr8                        sfr8         00000
__Lsfr9                        sfr9         00000
__Lspace_0                     (abs)        00000
__Lspace_1                     (abs)        00000
__Lspace_2                     (abs)        00000
__Lspace_3                     (abs)        00000
__Lstack                       stack        00000
__Lstrings                     strings      00000
__Ltext                        text         00000
__S0                           (abs)        08009
__S1                           (abs)        0007E
__S2                           (abs)        00000
__S3                           (abs)        00000
__Umul8_16                     text11       00050
__Umul8_16@multiplicand        cstackCOMMON 00070
__Umul8_16@multiplier          cstackCOMMON 00078
__Umul8_16@product             cstackCOMMON 00074
__Umul8_16@word_mpld           cstackCOMMON 00076
___digitos_1                   dataBANK0    0004C
___digitos_2                   dataBANK0    00041
___flmul                       text10       00592
___flmul@a                     cstackBANK0  00024
___flmul@aexp                  cstackBANK0  0002D
___flmul@b                     cstackBANK0  00020
___flmul@bexp                  cstackBANK0  0002E
___flmul@grs                   cstackBANK0  00029
___flmul@prod                  cstackBANK0  0002F
___flmul@sign                  cstackBANK0  00028
___flmul@temp                  cstackBANK0  00033
___fltol                       text9        0022D
___fltol@exp1                  cstackCOMMON 0007A
___fltol@f1                    cstackCOMMON 00070
___fltol@sign1                 cstackCOMMON 00079
___int_sp                      stack        00000
___latbits                     (abs)        00001
___lwdiv                       text6        000A7
___lwdiv@counter               cstackCOMMON 0007D
___lwdiv@dividend              cstackCOMMON 00078
___lwdiv@divisor               cstackCOMMON 00076
___lwdiv@quotient              cstackCOMMON 0007B
___lwmod                       text5        00073
___lwmod@counter               cstackCOMMON 00075
___lwmod@dividend              cstackCOMMON 00072
___lwmod@divisor               cstackCOMMON 00070
___max7219_write               text4        000E3
___max7219_write@address       cstackBANK0  00020
___max7219_write@data          cstackBANK0  00022
___max7219_write@dataSend      cstackBANK0  00028
___max7219_write@i             cstackBANK0  0002A
___sp                          stack        00000
___stackhi                     (abs)        020EF
___stacklo                     (abs)        02041
___xxtofl                      text8        002A1
___xxtofl@arg                  cstackCOMMON 0007A
___xxtofl@exp                  cstackCOMMON 00079
___xxtofl@sign                 cstackCOMMON 00078
___xxtofl@val                  cstackCOMMON 00070
__end_of__Umul8_16             text11       00073
__end_of___flmul               text10       007E9
__end_of___fltol               text9        002A1
__end_of___lwdiv               text6        000E3
__end_of___lwmod               text5        000A7
__end_of___max7219_write       text4        0012B
__end_of___xxtofl              text8        0034D
__end_of__initialization       cinit        007FD
__end_of_main                  maintext     0017E
__end_of_max6675_config        text12       00038
__end_of_max6675_read          text7        00407
__end_of_max7219_config        text2        001D4
__end_of_max7219_writeInteger  text3        00592
__end_of_oscillator_config     text1        0022D
__initialization               cinit        007E9
__pbssBANK0                    bssBANK0     00059
__pcstackBANK0                 cstackBANK0  00020
__pcstackCOMMON                cstackCOMMON 00070
__pdataBANK0                   dataBANK0    00041
__pidataBANK0                  idataBANK0   00038
__pmaintext                    maintext     0012B
__ptext1                       text1        001D4
__ptext10                      text10       00592
__ptext11                      text11       00050
__ptext12                      text12       00027
__ptext2                       text2        0017E
__ptext3                       text3        00407
__ptext4                       text4        000E3
__ptext5                       text5        00073
__ptext6                       text6        000A7
__ptext7                       text7        0034D
__ptext8                       text8        002A1
__ptext9                       text9        0022D
__size_of__Umul8_16            (abs)        00000
__size_of___flmul              (abs)        00000
__size_of___fltol              (abs)        00000
__size_of___lwdiv              (abs)        00000
__size_of___lwmod              (abs)        00000
__size_of___max7219_write      (abs)        00000
__size_of___xxtofl             (abs)        00000
__size_of_main                 (abs)        00000
__size_of_max6675_config       (abs)        00000
__size_of_max6675_read         (abs)        00000
__size_of_max7219_config       (abs)        00000
__size_of_max7219_writeInteger (abs)        00000
__size_of_oscillator_config    (abs)        00000
_i                             bssBANK0     00059
_last_temp                     bssBANK0     0005D
_main                          maintext     0012B
_max6675_config                text12       00027
_max6675_read                  text7        0034D
_max7219_config                text2        0017E
_max7219_writeInteger          text3        00407
_max7219_writeInteger$911      cstackBANK0  00034
_max7219_writeInteger$912      cstackBANK0  00032
_oscillator_config             text1        001D4
_temp                          dataBANK0    00057
btemp                          (abs)        0007E
end_of_initialization          cinit        007FD
init_ram                       inittext     00021
intlevel0                      functab      00000
intlevel1                      functab      00000
intlevel2                      functab      00000
intlevel3                      functab      00000
intlevel4                      functab      00000
intlevel5                      functab      00000
max6675_read@c                 cstackBANK0  0003F
max6675_read@i                 cstackBANK0  0003B
max6675_read@t                 cstackBANK0  00037
max6675_read@temp              cstackBANK0  0003D
max7219_config@brig            cstackBANK0  00036
max7219_writeInteger@nivel     cstackBANK0  0002C
max7219_writeInteger@valor     cstackBANK0  0002E
oscillator_config@freq         cstackCOMMON 00070
reset_vec                      reset_vec    00000
start                          init         00002
start_initialization           cinit        007E9
wtemp0                         (abs)        0007E


FUNCTION INFORMATION:

 *************** function _main *****************
 Defined at:
		line 17 in file "main.c"
 Parameters:    Size  Location     Type
		None
 Auto vars:     Size  Location     Type
		None
 Return value:  Size  Location     Type
                  1    wreg      void 
 Registers used:
		wreg, fsr0l, fsr0h, fsr1l, fsr1h, status,2, status,0, pclath, cstack
 Tracked objects:
		On entry : 
		On exit  : 
		Unchanged: 
 Data sizes:     COMMON   BANK0   BANK1   BANK2
      Params:         0       0       0       0
      Locals:         0       0       0       0
      Temps:          0       0       0       0
      Totals:         0       0       0       0
Total ram usage:        0 bytes
 Hardware stack levels required when called:    3
 This function calls:
		_max6675_config
		_max6675_read
		_max7219_config
		_max7219_writeInteger
		_oscillator_config
 This function is called by:
		Startup code after reset
 This function uses a non-reentrant model


 *************** function _oscillator_config *****************
 Defined at:
		line 20 in file "./oscillator.h"
 Parameters:    Size  Location     Type
  freq            2    0[COMMON] unsigned int 
 Auto vars:     Size  Location     Type
		None
 Return value:  Size  Location     Type
                  1    wreg      void 
 Registers used:
		wreg, fsr0l, fsr0h, status,2, status,0
 Tracked objects:
		On entry : 
		On exit  : 
		Unchanged: 
 Data sizes:     COMMON   BANK0   BANK1   BANK2
      Params:         2       0       0       0
      Locals:         0       0       0       0
      Temps:          0       0       0       0
      Totals:         2       0       0       0
Total ram usage:        2 bytes
 Hardware stack levels used:    1
 This function calls:
		Nothing
 This function is called by:
		_main
 This function uses a non-reentrant model


 *************** function _max7219_config *****************
 Defined at:
		line 65 in file "./max7219.h"
 Parameters:    Size  Location     Type
  brig            2   22[BANK0 ] unsigned int 
 Auto vars:     Size  Location     Type
		None
 Return value:  Size  Location     Type
                  1    wreg      void 
 Registers used:
		wreg, fsr1l, fsr1h, status,2, status,0, pclath, cstack
 Tracked objects:
		On entry : 
		On exit  : 
		Unchanged: 
 Data sizes:     COMMON   BANK0   BANK1   BANK2
      Params:         0       2       0       0
      Locals:         0       0       0       0
      Temps:          0       0       0       0
      Totals:         0       2       0       0
Total ram usage:        2 bytes
 Hardware stack levels used:    1
 Hardware stack levels required when called:    2
 This function calls:
		___max7219_write
		_max7219_writeInteger
 This function is called by:
		_main
 This function uses a non-reentrant model


 *************** function _max7219_writeInteger *****************
 Defined at:
		line 101 in file "./max7219.h"
 Parameters:    Size  Location     Type
  nivel           2   12[BANK0 ] unsigned int 
  valor           2   14[BANK0 ] unsigned int 
 Auto vars:     Size  Location     Type
		None
 Return value:  Size  Location     Type
                  1    wreg      void 
 Registers used:
		wreg, fsr1l, fsr1h, status,2, status,0, pclath, cstack
 Tracked objects:
		On entry : 
		On exit  : 
		Unchanged: 
 Data sizes:     COMMON   BANK0   BANK1   BANK2
      Params:         0       4       0       0
      Locals:         0       4       0       0
      Temps:          0       2       0       0
      Totals:         0      10       0       0
Total ram usage:       10 bytes
 Hardware stack levels used:    1
 Hardware stack levels required when called:    1
 This function calls:
		___lwdiv
		___lwmod
		___max7219_write
 This function is called by:
		_max7219_config
		_main
 This function uses a non-reentrant model


 *************** function ___max7219_write *****************
 Defined at:
		line 81 in file "./max7219.h"
 Parameters:    Size  Location     Type
  address         2    0[BANK0 ] unsigned int 
  data            2    2[BANK0 ] unsigned int 
 Auto vars:     Size  Location     Type
  i               2   10[BANK0 ] unsigned int 
  dataSend        2    8[BANK0 ] unsigned int 
  j               2    0        unsigned int 
 Return value:  Size  Location     Type
                  1    wreg      void 
 Registers used:
		wreg, status,2, status,0
 Tracked objects:
		On entry : 
		On exit  : 
		Unchanged: 
 Data sizes:     COMMON   BANK0   BANK1   BANK2
      Params:         0       4       0       0
      Locals:         0       4       0       0
      Temps:          0       4       0       0
      Totals:         0      12       0       0
Total ram usage:       12 bytes
 Hardware stack levels used:    1
 This function calls:
		Nothing
 This function is called by:
		_max7219_config
		_max7219_writeInteger
 This function uses a non-reentrant model


 *************** function ___lwmod *****************
 Defined at:
		line 5 in file "C:\Program Files (x86)\Microchip\xc8\v2.10\pic\sources\c99\common\lwmod.c"
 Parameters:    Size  Location     Type
  divisor         2    0[COMMON] unsigned int 
  dividend        2    2[COMMON] unsigned int 
 Auto vars:     Size  Location     Type
  counter         1    5[COMMON] unsigned char 
 Return value:  Size  Location     Type
                  2    0[COMMON] unsigned int 
 Registers used:
		wreg, status,2, status,0
 Tracked objects:
		On entry : 
		On exit  : 
		Unchanged: 
 Data sizes:     COMMON   BANK0   BANK1   BANK2
      Params:         4       0       0       0
      Locals:         1       0       0       0
      Temps:          1       0       0       0
      Totals:         6       0       0       0
Total ram usage:        6 bytes
 Hardware stack levels used:    1
 This function calls:
		Nothing
 This function is called by:
		_max7219_writeInteger
 This function uses a non-reentrant model


 *************** function ___lwdiv *****************
 Defined at:
		line 5 in file "C:\Program Files (x86)\Microchip\xc8\v2.10\pic\sources\c99\common\lwdiv.c"
 Parameters:    Size  Location     Type
  divisor         2    6[COMMON] unsigned int 
  dividend        2    8[COMMON] unsigned int 
 Auto vars:     Size  Location     Type
  quotient        2   11[COMMON] unsigned int 
  counter         1   13[COMMON] unsigned char 
 Return value:  Size  Location     Type
                  2    6[COMMON] unsigned int 
 Registers used:
		wreg, status,2, status,0
 Tracked objects:
		On entry : 
		On exit  : 
		Unchanged: 
 Data sizes:     COMMON   BANK0   BANK1   BANK2
      Params:         4       0       0       0
      Locals:         3       0       0       0
      Temps:          1       0       0       0
      Totals:         8       0       0       0
Total ram usage:        8 bytes
 Hardware stack levels used:    1
 This function calls:
		Nothing
 This function is called by:
		_max7219_writeInteger
 This function uses a non-reentrant model


 *************** function _max6675_read *****************
 Defined at:
		line 36 in file "./max6675.h"
 Parameters:    Size  Location     Type
		None
 Auto vars:     Size  Location     Type
  t               4   23[BANK0 ] float 
  c               2   31[BANK0 ] unsigned int 
  temp            2   29[BANK0 ] unsigned int 
  i               2   27[BANK0 ] unsigned int 
 Return value:  Size  Location     Type
                  2   21[BANK0 ] int 
 Registers used:
		wreg, status,2, status,0, pclath, cstack
 Tracked objects:
		On entry : 
		On exit  : 
		Unchanged: 
 Data sizes:     COMMON   BANK0   BANK1   BANK2
      Params:         0       2       0       0
      Locals:         0      10       0       0
      Temps:          0       0       0       0
      Totals:         0      12       0       0
Total ram usage:       12 bytes
 Hardware stack levels used:    1
 Hardware stack levels required when called:    2
 This function calls:
		___flmul
		___fltol
		___xxtofl
 This function is called by:
		_main
 This function uses a non-reentrant model


 *************** function ___xxtofl *****************
 Defined at:
		line 10 in file "C:\Program Files (x86)\Microchip\xc8\v2.10\pic\sources\c99\common\xxtofl.c"
 Parameters:    Size  Location     Type
  sign            1    wreg     unsigned char 
  val             4    0[COMMON] long 
 Auto vars:     Size  Location     Type
  sign            1    8[COMMON] unsigned char 
  arg             4   10[COMMON] unsigned long 
  exp             1    9[COMMON] unsigned char 
 Return value:  Size  Location     Type
                  4    0[COMMON] unsigned char 
 Registers used:
		wreg, status,2, status,0
 Tracked objects:
		On entry : 
		On exit  : 
		Unchanged: 
 Data sizes:     COMMON   BANK0   BANK1   BANK2
      Params:         4       0       0       0
      Locals:         6       0       0       0
      Temps:          4       0       0       0
      Totals:        14       0       0       0
Total ram usage:       14 bytes
 Hardware stack levels used:    1
 This function calls:
		Nothing
 This function is called by:
		_max6675_read
 This function uses a non-reentrant model


 *************** function ___fltol *****************
 Defined at:
		line 43 in file "C:\Program Files (x86)\Microchip\xc8\v2.10\pic\sources\c99\common\fltol.c"
 Parameters:    Size  Location     Type
  f1              4    0[COMMON] unsigned char 
 Auto vars:     Size  Location     Type
  exp1            1   10[COMMON] unsigned char 
  sign1           1    9[COMMON] unsigned char 
 Return value:  Size  Location     Type
                  4    0[COMMON] long 
 Registers used:
		wreg, status,2, status,0
 Tracked objects:
		On entry : 
		On exit  : 
		Unchanged: 
 Data sizes:     COMMON   BANK0   BANK1   BANK2
      Params:         4       0       0       0
      Locals:         2       0       0       0
      Temps:          5       0       0       0
      Totals:        11       0       0       0
Total ram usage:       11 bytes
 Hardware stack levels used:    1
 This function calls:
		Nothing
 This function is called by:
		_max6675_read
 This function uses a non-reentrant model


 *************** function ___flmul *****************
 Defined at:
		line 8 in file "C:\Program Files (x86)\Microchip\xc8\v2.10\pic\sources\c99\common\sprcmul.c"
 Parameters:    Size  Location     Type
  b               4    0[BANK0 ] long 
  a               4    4[BANK0 ] long 
 Auto vars:     Size  Location     Type
  prod            4   15[BANK0 ] struct .
  grs             4    9[BANK0 ] unsigned long 
  temp            2   19[BANK0 ] struct .
  bexp            1   14[BANK0 ] unsigned char 
  aexp            1   13[BANK0 ] unsigned char 
  sign            1    8[BANK0 ] unsigned char 
 Return value:  Size  Location     Type
                  4    0[BANK0 ] unsigned char 
 Registers used:
		wreg, status,2, status,0, pclath, cstack
 Tracked objects:
		On entry : 
		On exit  : 
		Unchanged: 
 Data sizes:     COMMON   BANK0   BANK1   BANK2
      Params:         0       8       0       0
      Locals:         0      13       0       0
      Temps:          5       0       0       0
      Totals:         5      21       0       0
Total ram usage:       26 bytes
 Hardware stack levels used:    1
 Hardware stack levels required when called:    1
 This function calls:
		__Umul8_16
 This function is called by:
		_max6675_read
 This function uses a non-reentrant model


 *************** function __Umul8_16 *****************
 Defined at:
		line 4 in file "C:\Program Files (x86)\Microchip\xc8\v2.10\pic\sources\c99\common\Umul8_16.c"
 Parameters:    Size  Location     Type
  multiplier      1    wreg     unsigned char 
  multiplicand    1    0[COMMON] unsigned char 
 Auto vars:     Size  Location     Type
  multiplier      1    8[COMMON] unsigned char 
  word_mpld       2    6[COMMON] unsigned int 
  product         2    4[COMMON] unsigned int 
 Return value:  Size  Location     Type
                  2    0[COMMON] unsigned int 
 Registers used:
		wreg, status,2, status,0
 Tracked objects:
		On entry : 
		On exit  : 
		Unchanged: 
 Data sizes:     COMMON   BANK0   BANK1   BANK2
      Params:         2       0       0       0
      Locals:         5       0       0       0
      Temps:          2       0       0       0
      Totals:         9       0       0       0
Total ram usage:        9 bytes
 Hardware stack levels used:    1
 This function calls:
		Nothing
 This function is called by:
		___flmul
 This function uses a non-reentrant model


 *************** function _max6675_config *****************
 Defined at:
		line 23 in file "./max6675.h"
 Parameters:    Size  Location     Type
		None
 Auto vars:     Size  Location     Type
		None
 Return value:  Size  Location     Type
                  1    wreg      void 
 Registers used:
		None
 Tracked objects:
		On entry : 
		On exit  : 
		Unchanged: 
 Data sizes:     COMMON   BANK0   BANK1   BANK2
      Params:         0       0       0       0
      Locals:         0       0       0       0
      Temps:          0       0       0       0
      Totals:         0       0       0       0
Total ram usage:        0 bytes
 Hardware stack levels used:    1
 This function calls:
		Nothing
 This function is called by:
		_main
 This function uses a non-reentrant model



MODULE INFORMATION

Module		Function		Class		Link	Load	Size
C:\Program Files (x86)\Microchip\xc8\v2.10\pic\sources\c99\common\xxtofl.c
		___xxtofl      		CODE           	02A1	0000	173

C:\Program Files (x86)\Microchip\xc8\v2.10\pic\sources\c99\common\xxtofl.c estimated size: 173

C:\Program Files (x86)\Microchip\xc8\v2.10\pic\sources\c99\common\lwdiv.c
		___lwdiv       		CODE           	00A7	0000	61

C:\Program Files (x86)\Microchip\xc8\v2.10\pic\sources\c99\common\lwdiv.c estimated size: 61

C:\Program Files (x86)\Microchip\xc8\v2.10\pic\sources\c99\common\fltol.c
		___fltol       		CODE           	022D	0000	117

C:\Program Files (x86)\Microchip\xc8\v2.10\pic\sources\c99\common\fltol.c estimated size: 117

C:\Program Files (x86)\Microchip\xc8\v2.10\pic\sources\c99\common\sprcmul.c
		___flmul       		CODE           	0592	0000	600

C:\Program Files (x86)\Microchip\xc8\v2.10\pic\sources\c99\common\sprcmul.c estimated size: 600

./oscillator.h
		_oscillator_config		CODE           	01D4	0000	90

./oscillator.h estimated size: 90

shared
		__initialization		CODE           	07E9	0000	21

shared estimated size: 21

./max6675.h
		_max6675_config		CODE           	0027	0000	18
		_max6675_read  		CODE           	034D	0000	187

./max6675.h estimated size: 205

./max7219.h
		_max7219_config		CODE           	017E	0000	87
		_max7219_writeInteger		CODE           	0407	0000	396
		___max7219_write		CODE           	00E3	0000	73

./max7219.h estimated size: 556

C:\Program Files (x86)\Microchip\xc8\v2.10\pic\sources\c99\common\Umul8_16.c
		__Umul8_16     		CODE           	0050	0000	36

C:\Program Files (x86)\Microchip\xc8\v2.10\pic\sources\c99\common\Umul8_16.c estimated size: 36

C:\Program Files (x86)\Microchip\xc8\v2.10\pic\sources\c99\common\lwmod.c
		___lwmod       		CODE           	0073	0000	53

C:\Program Files (x86)\Microchip\xc8\v2.10\pic\sources\c99\common\lwmod.c estimated size: 53

main.c
		_main          		CODE           	012B	0000	84

main.c estimated size: 84

